Single GPU mode on device cuda
Free VRAM 138.76373291015625 GB
/data/zxl/LongLive-RAG-group11_15_h200/wan/modules/vae.py:634: FutureWarning: You are using `torch.load` with `weights_only=False` (the current default value), which uses the default pickle module implicitly. It is possible to construct malicious pickle data which will execute arbitrary code during unpickling (See https://github.com/pytorch/pytorch/blob/main/SECURITY.md#untrusted-models for more details). In a future release, the default value for `weights_only` will be flipped to `True`. This limits the functions that could be executed during unpickling. Arbitrary objects will no longer be allowed to be loaded via this mode unless they are explicitly allowlisted by the user via `torch.serialization.add_safe_globals`. We recommend you start setting `weights_only=True` for any use case where you don't have full control of the loaded file. Please open an issue on GitHub for any issues related to this experimental feature.
  torch.load(pretrained_path, map_location=device), assign=True)
KV inference with 3 frames per block
/data/zxl/LongLive-RAG-group11_15_h200/inference.py:85: FutureWarning: You are using `torch.load` with `weights_only=False` (the current default value), which uses the default pickle module implicitly. It is possible to construct malicious pickle data which will execute arbitrary code during unpickling (See https://github.com/pytorch/pytorch/blob/main/SECURITY.md#untrusted-models for more details). In a future release, the default value for `weights_only` will be flipped to `True`. This limits the functions that could be executed during unpickling. Arbitrary objects will no longer be allowed to be loaded via this mode unless they are explicitly allowlisted by the user via `torch.serialization.add_safe_globals`. We recommend you start setting `weights_only=True` for any use case where you don't have full control of the loaded file. Please open an issue on GitHub for any issues related to this experimental feature.
  state_dict = torch.load(config.generator_ckpt, map_location="cpu")
LoRA enabled with config: {'type': 'lora', 'rank': 256, 'alpha': 256, 'dropout': 0.0, 'dtype': 'bfloat16', 'verbose': False}
Applying LoRA to generator (inference)...
LoRA target modules for generator: 300 Linear layers
peft_config LoraConfig(task_type=None, peft_type=<PeftType.LORA: 'LORA'>, auto_mapping=None, peft_version='0.20.0', base_model_name_or_path=None, revision=None, inference_mode=False, r=256, target_modules={'o', 'v', 'ffn.2', 'k', 'q', 'ffn.0'}, exclude_modules=None, lora_alpha=256, lora_dropout=0.0, fan_in_fan_out=False, bias='none', use_rslora=False, modules_to_save=None, init_lora_weights=True, layers_to_transform=None, layers_pattern=None, rank_pattern={}, alpha_pattern={}, megatron_config=None, megatron_core='megatron.core', trainable_token_indices=None, loftq_config={}, eva_config=None, corda_config=None, lora_ga_config=None, use_dora=False, velora_config=None, alora_invocation_tokens=None, use_qalora=False, qalora_group_size=16, monteclora_config=None, layer_replication=None, runtime_config=LoraRuntimeConfig(ephemeral_gpu_offload=False), lora_bias=False, target_parameters=None, use_bdlora=None, arrow_config=None, ensure_weight_tying=False)
trainable params: 349,962,240 || all params: 1,768,959,040 || trainable%: 19.7835
Loading LoRA checkpoint from /data/zxl/LongLive-RAG-assets/models/LongLive-RAG/checkpoints/longlive_lora.pt
/data/zxl/LongLive-RAG-group11_15_h200/inference.py:130: FutureWarning: You are using `torch.load` with `weights_only=False` (the current default value), which uses the default pickle module implicitly. It is possible to construct malicious pickle data which will execute arbitrary code during unpickling (See https://github.com/pytorch/pytorch/blob/main/SECURITY.md#untrusted-models for more details). In a future release, the default value for `weights_only` will be flipped to `True`. This limits the functions that could be executed during unpickling. Arbitrary objects will no longer be allowed to be loaded via this mode unless they are explicitly allowlisted by the user via `torch.serialization.add_safe_globals`. We recommend you start setting `weights_only=True` for any use case where you don't have full control of the loaded file. Please open an issue on GitHub for any issues related to this experimental feature.
  lora_checkpoint = torch.load(lora_ckpt_path, map_location="cpu")
LoRA weights loaded for generator
Number of prompts: 10
0it [00:00, ?it/s]sampled_noise.device cuda:0
prompts ['A stylish woman walks down a bustling Tokyo street filled with warm glowing neon and animated city signage. She wears a black leather jacket over a long red dress and black boots, carrying a black purse. She sports sunglasses and red lipstick, walking confidently and casually. The street is damp and reflective, creating a mirror effect of the colorful lights. Many pedestrians walk about, adding to the vibrant atmosphere. Medium shot, dynamic walking perspective.']
Moving DynamicSwap_WanTextEncoder to cuda:0 with preserved memory: 109.67001962661743 GB
kv_cache_size: 18720 (policy: int->local+cpu_offload, size=12 frames, frame_seq_length: 1560, num_output_frames: 120)
[inference] local_attn_size set on model: 12

Generating blocks:   0%|          | 0/40 [00:00<?, ?it/s][A
Generating blocks:   2%|▎         | 1/40 [00:01<00:47,  1.22s/it][A
Generating blocks:   5%|▌         | 2/40 [00:02<00:37,  1.03it/s][A
Generating blocks:   8%|▊         | 3/40 [00:02<00:33,  1.11it/s][A
Generating blocks:  10%|█         | 4/40 [00:03<00:31,  1.14it/s][AGenerating blocks:  10%|█         | 4/40 [00:05<00:45,  1.27s/it]
0it [00:05, ?it/s]
Traceback (most recent call last):
  File "/data/zxl/LongLive-RAG-group11_15_h200/inference.py", line 238, in <module>
    video, latents = pipeline.inference(
                     ^^^^^^^^^^^^^^^^^^^
  File "/data/zxl/LongLive-RAG-group11_15_h200/pipeline/causal_inference.py", line 314, in inference
    _, denoised_pred = self.generator(
                       ^^^^^^^^^^^^^^^
  File "/data/zxl/SolarWM_wan5b_direct/.conda-wan/lib/python3.12/site-packages/torch/nn/modules/module.py", line 1736, in _wrapped_call_impl
    return self._call_impl(*args, **kwargs)
           ^^^^^^^^^^^^^^^^^^^^^^^^^^^^^^^^
  File "/data/zxl/SolarWM_wan5b_direct/.conda-wan/lib/python3.12/site-packages/torch/nn/modules/module.py", line 1747, in _call_impl
    return forward_call(*args, **kwargs)
           ^^^^^^^^^^^^^^^^^^^^^^^^^^^^^
  File "/data/zxl/LongLive-RAG-group11_15_h200/utils/wan_wrapper.py", line 317, in forward
    flow_pred = self.model(
                ^^^^^^^^^^^
  File "/data/zxl/SolarWM_wan5b_direct/.conda-wan/lib/python3.12/site-packages/torch/nn/modules/module.py", line 1736, in _wrapped_call_impl
    return self._call_impl(*args, **kwargs)
           ^^^^^^^^^^^^^^^^^^^^^^^^^^^^^^^^
  File "/data/zxl/SolarWM_wan5b_direct/.conda-wan/lib/python3.12/site-packages/torch/nn/modules/module.py", line 1747, in _call_impl
    return forward_call(*args, **kwargs)
           ^^^^^^^^^^^^^^^^^^^^^^^^^^^^^
  File "/data/zxl/SolarWM_wan5b_direct/.conda-wan/lib/python3.12/site-packages/peft/peft_model.py", line 1030, in forward
    return self.get_base_model()(*args, **kwargs)
           ^^^^^^^^^^^^^^^^^^^^^^^^^^^^^^^^^^^^^^
  File "/data/zxl/SolarWM_wan5b_direct/.conda-wan/lib/python3.12/site-packages/torch/nn/modules/module.py", line 1736, in _wrapped_call_impl
    return self._call_impl(*args, **kwargs)
           ^^^^^^^^^^^^^^^^^^^^^^^^^^^^^^^^
  File "/data/zxl/SolarWM_wan5b_direct/.conda-wan/lib/python3.12/site-packages/torch/nn/modules/module.py", line 1747, in _call_impl
    return forward_call(*args, **kwargs)
           ^^^^^^^^^^^^^^^^^^^^^^^^^^^^^
  File "/data/zxl/LongLive-RAG-group11_15_h200/wan/modules/causal_model_latentmem.py", line 1562, in forward
    return self._forward_inference(*args, **kwargs)
           ^^^^^^^^^^^^^^^^^^^^^^^^^^^^^^^^^^^^^^^^
  File "/data/zxl/LongLive-RAG-group11_15_h200/wan/modules/causal_model_latentmem.py", line 1387, in _forward_inference
    self._apply_cache_updates(kv_cache, cache_update_infos)
  File "/data/zxl/LongLive-RAG-group11_15_h200/wan/modules/causal_model_latentmem.py", line 1194, in _apply_cache_updates
    rec = archive.append(k_frame[:, 0].contiguous(), v_frame[:, 0].contiguous(), layer_id=block_index, chunk_id=len(entries), history_id=len(entries), valid_tokens=int(k_frame.shape[2]))
          ^^^^^^^^^^^^^^^^^^^^^^^^^^^^^^^^^^^^^^^^^^^^^^^^^^^^^^^^^^^^^^^^^^^^^^^^^^^^^^^^^^^^^^^^^^^^^^^^^^^^^^^^^^^^^^^^^^^^^^^^^^^^^^^^^^^^^^^^^^^^^^^^^^^^^^^^^^^^^^^^^^^^^^^^^^^^^^^^
  File "/data/zxl/LongLive-RAG-group11_15_h200/utils/compressed_history_archive.py", line 77, in append
    self.mode, q(k_bf16), q(v_bf16),
               ^^^^^^^^^
  File "/data/zxl/LongLive-RAG-group11_15_h200/utils/compressed_history_archive.py", line 75, in q
    return quantize_kv(x.reshape(-1, shape[-1]).cpu(), self._nvfp4_cfg)
           ^^^^^^^^^^^^^^^^^^^^^^^^^^^^^^^^^^^^^^^^^^^^^^^^^^^^^^^^^^^^
  File "/data/zxl/LongLive-RAG-group11_15_h200/utils/quant.py", line 20, in quantize_kv
    return quantize_to_fp4(x, config)
           ^^^^^^^^^^^^^^^^^^^^^^^^^^
  File "/data/zxl/LongLive-RAG-group11_15_h200/fouroversix/quantize/frontend.py", line 131, in quantize_to_fp4
    return AVAILABLE_BACKENDS[selected_backend].quantize_to_fp4(x, config)
           ^^^^^^^^^^^^^^^^^^^^^^^^^^^^^^^^^^^^^^^^^^^^^^^^^^^^^^^^^^^^^^^
  File "/data/zxl/LongLive-RAG-group11_15_h200/fouroversix/quantize/pytorch/backend.py", line 95, in quantize_to_fp4
    values, scale_factors, amax = quantize_to_fp4(
                                  ^^^^^^^^^^^^^^^^
  File "/data/zxl/LongLive-RAG-group11_15_h200/fouroversix/quantize/pytorch/reference.py", line 307, in quantize_to_fp4
    x_block_scaled_6, scales_6 = quantize_to_nvfp4(
                                 ^^^^^^^^^^^^^^^^^^
  File "/data/zxl/LongLive-RAG-group11_15_h200/fouroversix/quantize/pytorch/reference.py", line 168, in quantize_to_nvfp4
    x_scales.unsqueeze(1) != 0,
    ^^^^^^^^^^^^^^^^^^^^^^^^^^
RuntimeError: "fill_out" not implemented for 'Float8_e4m3fn'
