Single GPU mode on device cuda
Free VRAM 78.16253662109375 GB
/data/zxl/LongLive-RAG-group11_1-w1-phase218bb/wan/modules/vae.py:634: FutureWarning: You are using `torch.load` with `weights_only=False` (the current default value), which uses the default pickle module implicitly. It is possible to construct malicious pickle data which will execute arbitrary code during unpickling (See https://github.com/pytorch/pytorch/blob/main/SECURITY.md#untrusted-models for more details). In a future release, the default value for `weights_only` will be flipped to `True`. This limits the functions that could be executed during unpickling. Arbitrary objects will no longer be allowed to be loaded via this mode unless they are explicitly allowlisted by the user via `torch.serialization.add_safe_globals`. We recommend you start setting `weights_only=True` for any use case where you don't have full control of the loaded file. Please open an issue on GitHub for any issues related to this experimental feature.
  torch.load(pretrained_path, map_location=device), assign=True)
KV inference with 3 frames per block
/data/zxl/LongLive-RAG-group11_1-w1-phase218bb/inference.py:166: FutureWarning: You are using `torch.load` with `weights_only=False` (the current default value), which uses the default pickle module implicitly. It is possible to construct malicious pickle data which will execute arbitrary code during unpickling (See https://github.com/pytorch/pytorch/blob/main/SECURITY.md#untrusted-models for more details). In a future release, the default value for `weights_only` will be flipped to `True`. This limits the functions that could be executed during unpickling. Arbitrary objects will no longer be allowed to be loaded via this mode unless they are explicitly allowlisted by the user via `torch.serialization.add_safe_globals`. We recommend you start setting `weights_only=True` for any use case where you don't have full control of the loaded file. Please open an issue on GitHub for any issues related to this experimental feature.
  state_dict = torch.load(config.generator_ckpt, map_location="cpu")
LoRA enabled with config: {'type': 'lora', 'rank': 256, 'alpha': 256, 'dropout': 0.0, 'dtype': 'bfloat16', 'verbose': False}
Applying LoRA to generator (inference)...
LoRA target modules for generator: 300 Linear layers
peft_config LoraConfig(task_type=None, peft_type=<PeftType.LORA: 'LORA'>, auto_mapping=None, peft_version='0.20.0', base_model_name_or_path=None, revision=None, inference_mode=False, r=256, target_modules={'ffn.2', 'ffn.0', 'k', 'v', 'q', 'o'}, exclude_modules=None, lora_alpha=256, lora_dropout=0.0, fan_in_fan_out=False, bias='none', use_rslora=False, modules_to_save=None, init_lora_weights=True, layers_to_transform=None, layers_pattern=None, rank_pattern={}, alpha_pattern={}, megatron_config=None, megatron_core='megatron.core', trainable_token_indices=None, loftq_config={}, eva_config=None, corda_config=None, lora_ga_config=None, use_dora=False, velora_config=None, alora_invocation_tokens=None, use_qalora=False, qalora_group_size=16, monteclora_config=None, layer_replication=None, runtime_config=LoraRuntimeConfig(ephemeral_gpu_offload=False), lora_bias=False, target_parameters=None, use_bdlora=None, arrow_config=None, ensure_weight_tying=False)
trainable params: 349,962,240 || all params: 1,768,959,040 || trainable%: 19.7835
Loading LoRA checkpoint from /data/zxl/LongLive-RAG-assets/models/LongLive-RAG/checkpoints/longlive_lora.pt
/data/zxl/LongLive-RAG-group11_1-w1-phase218bb/inference.py:211: FutureWarning: You are using `torch.load` with `weights_only=False` (the current default value), which uses the default pickle module implicitly. It is possible to construct malicious pickle data which will execute arbitrary code during unpickling (See https://github.com/pytorch/pytorch/blob/main/SECURITY.md#untrusted-models for more details). In a future release, the default value for `weights_only` will be flipped to `True`. This limits the functions that could be executed during unpickling. Arbitrary objects will no longer be allowed to be loaded via this mode unless they are explicitly allowlisted by the user via `torch.serialization.add_safe_globals`. We recommend you start setting `weights_only=True` for any use case where you don't have full control of the loaded file. Please open an issue on GitHub for any issues related to this experimental feature.
  lora_checkpoint = torch.load(lora_ckpt_path, map_location="cpu")
LoRA weights loaded for generator
Number of prompts: 1
0it [00:00, ?it/s]sampled_noise.device cuda:0
prompts ['A stylish woman walks down a bustling Tokyo street filled with warm glowing neon and animated city signage. She wears a black leather jacket over a long red dress and black boots, carrying a black purse. She sports sunglasses and red lipstick, walking confidently and casually. The street is damp and reflective, creating a mirror effect of the colorful lights. Many pedestrians walk about, adding to the vibrant atmosphere. Medium shot, dynamic walking perspective.']
Moving DynamicSwap_WanTextEncoder to cuda:0 with preserved memory: 69.45433473587036 GB
kv_cache_size: 6240 (policy: int->local+cpu_offload, size=20 frames, physical=4 frames, frame_seq_length: 1560, num_output_frames: 30)
[inference] local_attn_size set on model: 20

Generating blocks:   0%|          | 0/10 [00:00<?, ?it/s][A
Generating blocks:  10%|█         | 1/10 [00:00<00:07,  1.21it/s][A
Generating blocks:  20%|██        | 2/10 [00:02<00:09,  1.15s/it][A
Generating blocks:  30%|███       | 3/10 [00:03<00:09,  1.38s/it][A
Generating blocks:  40%|████      | 4/10 [00:05<00:08,  1.49s/it][A
Generating blocks:  50%|█████     | 5/10 [00:07<00:07,  1.55s/it][A
Generating blocks:  60%|██████    | 6/10 [00:08<00:06,  1.58s/it][A
Generating blocks:  70%|███████   | 7/10 [00:10<00:04,  1.60s/it][A
Generating blocks:  80%|████████  | 8/10 [00:12<00:03,  1.61s/it][A
Generating blocks:  90%|█████████ | 9/10 [00:14<00:01,  1.77s/it][A
Generating blocks: 100%|██████████| 10/10 [00:16<00:00,  1.95s/it][AGenerating blocks: 100%|██████████| 10/10 [00:16<00:00,  1.66s/it]
1it [00:21, 21.47s/it]1it [00:21, 21.47s/it]
